// Jest Snapshot v1, https://goo.gl/fbAQLP

exports[`should match snapshots 1`] = `
<section
  className="dashboard"
>
  <DashboardMenu
    setCategory={[Function]}
  />
  <LensList
    lens={
      Array [
        Object {
          "files": Array [
            Object {
              "height": 2200,
              "id": "5221291239183_0",
              "order": 0,
              "width": 1700,
            },
          ],
          "id": "5221291239183",
          "lastUpdated": "2020-03-12T00:00:00",
          "patient": Object {
            "dateOfBirth": "1940-06-12T00:00:00",
            "emrId": "MT00034",
            "firstName": "Michael",
            "homePhone": "650-477-4676",
            "lastName": "Thompson",
            "middleName": "B",
            "mobilePhone": "",
            "workPhone": "",
          },
          "patientScore": 70.97112000000001,
          "summary": "Metabolic Lab Report",
          "summaryLabel": "metabolic_lab_report",
          "summaryScore": 1.3,
          "urgent": false,
        },
      ]
    }
  />
</section>
`;
