// Jest Snapshot v1, https://goo.gl/fbAQLP

exports[`should match snapshots 1`] = `
<h1
  className="title"
>
  LensApp
</h1>
`;
