// Jest Snapshot v1, https://goo.gl/fbAQLP

exports[`should match snapshots 1`] = `
<div
  className="underConstruction"
>
  <Image
    alt="Under construction"
    height={300}
    src="/img/under_construction.svg"
    width={300}
  />
  <div>
    Coming Soon
  </div>
</div>
`;
