// Jest Snapshot v1, https://goo.gl/fbAQLP

exports[`should match snapshots 1`] = `
<div
  className="contentGroup"
>
  <div
    className="contentGroupTitle"
  >
    groupName
  </div>
  <div
    className="contentGroupItem"
    key="PrimaryCareProvider/FollowUp"
  >
    <span
      className="groupItemName"
      onClick={[Function]}
    >
      <span
        className="delete"
        onClick={[Function]}
      >
        <FontAwesomeIcon
          border={false}
          className="trashIcon"
          fixedWidth={false}
          flip={null}
          icon={
            Object {
              "icon": Array [
                448,
                512,
                Array [],
                "f2ed",
                "M32 464a48 48 0 0 0 48 48h288a48 48 0 0 0 48-48V128H32zm272-256a16 16 0 0 1 32 0v224a16 16 0 0 1-32 0zm-96 0a16 16 0 0 1 32 0v224a16 16 0 0 1-32 0zm-96 0a16 16 0 0 1 32 0v224a16 16 0 0 1-32 0zM432 32H312l-9.4-18.7A24 24 0 0 0 281.1 0H166.8a23.72 23.72 0 0 0-21.4 13.3L136 32H16A16 16 0 0 0 0 48v32a16 16 0 0 0 16 16h416a16 16 0 0 0 16-16V48a16 16 0 0 0-16-16z",
              ],
              "iconName": "trash-alt",
              "prefix": "fas",
            }
          }
          inverse={false}
          listItem={false}
          mask={null}
          pull={null}
          pulse={false}
          rotation={null}
          size={null}
          spin={false}
          swapOpacity={false}
          symbol={false}
          title=""
          transform={null}
        />
      </span>
      Follow up
      <div
        className="actionMenu"
      >
        <PopoverMenu
          list={
            Array [
              "email",
              "calendar",
            ]
          }
        >
          <span
            className="actionLabel"
          >
            Action
          </span>
        </PopoverMenu>
      </div>
    </span>
    <div
      className="groupItemSubContent"
    >
      <div
        className="subContentCancel"
        onClick={[MockFunction]}
      >
        Cancel
      </div>
      <div
        className="subContentConfirm"
        onClick={[Function]}
      >
        Confirm
      </div>
    </div>
  </div>
  <div
    className="contentGroupItem"
    key="CardiacFaliure/Symptoms"
  >
    <span
      className="groupItemName"
      onClick={[Function]}
    >
      <span
        className="delete"
        onClick={[Function]}
      >
        <FontAwesomeIcon
          border={false}
          className="trashIcon"
          fixedWidth={false}
          flip={null}
          icon={
            Object {
              "icon": Array [
                448,
                512,
                Array [],
                "f2ed",
                "M32 464a48 48 0 0 0 48 48h288a48 48 0 0 0 48-48V128H32zm272-256a16 16 0 0 1 32 0v224a16 16 0 0 1-32 0zm-96 0a16 16 0 0 1 32 0v224a16 16 0 0 1-32 0zm-96 0a16 16 0 0 1 32 0v224a16 16 0 0 1-32 0zM432 32H312l-9.4-18.7A24 24 0 0 0 281.1 0H166.8a23.72 23.72 0 0 0-21.4 13.3L136 32H16A16 16 0 0 0 0 48v32a16 16 0 0 0 16 16h416a16 16 0 0 0 16-16V48a16 16 0 0 0-16-16z",
              ],
              "iconName": "trash-alt",
              "prefix": "fas",
            }
          }
          inverse={false}
          listItem={false}
          mask={null}
          pull={null}
          pulse={false}
          rotation={null}
          size={null}
          spin={false}
          swapOpacity={false}
          symbol={false}
          title=""
          transform={null}
        />
      </span>
      Heart failure
      <div
        className="actionMenu"
      >
        <PopoverMenu
          list={
            Array [
              "email",
              "calendar",
            ]
          }
        >
          <span
            className="actionLabel"
          >
            Action
          </span>
        </PopoverMenu>
      </div>
    </span>
    <div
      className="groupItemSubContent"
    >
      <div
        className="subContentCancel"
        onClick={[MockFunction]}
      >
        Cancel
      </div>
      <div
        className="subContentConfirm"
        onClick={[Function]}
      >
        Confirm
      </div>
    </div>
  </div>
</div>
`;
