// Jest Snapshot v1, https://goo.gl/fbAQLP

exports[`should match snapshots 1`] = `
<div
  aria-label="title"
  className="lensIcon"
  title="title"
>
  <FontAwesomeIcon
    border={false}
    className="flagIcon"
    fixedWidth={false}
    flip={null}
    icon={null}
    inverse={false}
    listItem={false}
    mask={null}
    pull={null}
    pulse={false}
    rotation={null}
    size={null}
    spin={false}
    swapOpacity={false}
    symbol={false}
    title=""
    transform={null}
  />
</div>
`;
