// Jest Snapshot v1, https://goo.gl/fbAQLP

exports[`should match snapshots 1`] = `
<Link
  href="/lens/5221291239183"
>
  <div
    aria-label="Lens"
    className="lensBox"
    role="Lens"
  >
    <div>
      <div
        className="name"
      >
        Michael Thompson
      </div>
      <div
        className="id"
      >
        id: 
        MT00034
      </div>
    </div>
    <div
      aria-label="Summary score"
      className="summaryScore"
      title="Summary score"
    >
      <span>
        <FontAwesomeIcon
          border={false}
          className="scoreIcon"
          fixedWidth={false}
          flip={null}
          icon={
            Object {
              "icon": Array [
                576,
                512,
                Array [],
                "f005",
                "M259.3 17.8L194 150.2 47.9 171.5c-26.2 3.8-36.7 36.1-17.7 54.6l105.7 103-25 145.5c-4.5 26.3 23.2 46 46.4 33.7L288 439.6l130.7 68.7c23.2 12.2 50.9-7.4 46.4-33.7l-25-145.5 105.7-103c19-18.5 8.5-50.8-17.7-54.6L382 150.2 316.7 17.8c-11.7-23.6-45.6-23.9-57.4 0z",
              ],
              "iconName": "star",
              "prefix": "fas",
            }
          }
          inverse={false}
          listItem={false}
          mask={null}
          pull={null}
          pulse={false}
          rotation={null}
          size={null}
          spin={false}
          swapOpacity={false}
          symbol={false}
          title=""
          transform={null}
        />
      </span>
      <span>
        1.3
      </span>
    </div>
    <div
      aria-label="Patient score"
      className="patientScore"
      title="Patient score"
    >
      <span>
        <FontAwesomeIcon
          border={false}
          className="patientIcon"
          fixedWidth={false}
          flip={null}
          icon={
            Object {
              "icon": Array [
                640,
                512,
                Array [],
                "f80d",
                "M480 320a96 96 0 1 0-96-96 96 96 0 0 0 96 96zm48 32a22.88 22.88 0 0 0-7.06 1.09 124.76 124.76 0 0 1-81.89 0A22.82 22.82 0 0 0 432 352a112 112 0 0 0-112 112.62c.14 26.26 21.73 47.38 48 47.38h224c26.27 0 47.86-21.12 48-47.38A112 112 0 0 0 528 352zm-198.09 10.45A145.19 145.19 0 0 1 352 344.62V128a32 32 0 0 0-32-32h-32V32a32 32 0 0 0-32-32H96a32 32 0 0 0-32 32v64H32a32 32 0 0 0-32 32v368a16 16 0 0 0 16 16h288.31A78.62 78.62 0 0 1 288 464.79a143.06 143.06 0 0 1 41.91-102.34zM144 404a12 12 0 0 1-12 12H92a12 12 0 0 1-12-12v-40a12 12 0 0 1 12-12h40a12 12 0 0 1 12 12zm0-128a12 12 0 0 1-12 12H92a12 12 0 0 1-12-12v-40a12 12 0 0 1 12-12h40a12 12 0 0 1 12 12zm48-122a6 6 0 0 1-6 6h-20a6 6 0 0 1-6-6v-26h-26a6 6 0 0 1-6-6v-20a6 6 0 0 1 6-6h26V70a6 6 0 0 1 6-6h20a6 6 0 0 1 6 6v26h26a6 6 0 0 1 6 6v20a6 6 0 0 1-6 6h-26zm80 250a12 12 0 0 1-12 12h-40a12 12 0 0 1-12-12v-40a12 12 0 0 1 12-12h40a12 12 0 0 1 12 12zm0-128a12 12 0 0 1-12 12h-40a12 12 0 0 1-12-12v-40a12 12 0 0 1 12-12h40a12 12 0 0 1 12 12z",
              ],
              "iconName": "hospital-user",
              "prefix": "fas",
            }
          }
          inverse={false}
          listItem={false}
          mask={null}
          pull={null}
          pulse={false}
          rotation={null}
          size={null}
          spin={false}
          swapOpacity={false}
          symbol={false}
          title=""
          transform={null}
        />
      </span>
      <span>
        70.97112000000001
      </span>
    </div>
    <div
      className="lastUpdated"
    >
      Last updated: 
      03/12/2020
    </div>
    <LensIcon
      className="lensIcon"
      label="metabolic_lab_report"
      title="Metabolic Lab Report"
    />
  </div>
</Link>
`;
